src/components/OnboardingTour.tsx(2,35): error TS6133: 'useEffect' is declared but its value is never read.
